[    0.000000] Initializing cgroup subsys cpuset
[    0.000000] Intializing cgroup subss cpu
[    0.000000] Initializing cgroup subsys uacct
[    0000000] Linux version 4.4.0-139-generic (buildd@lcy01-amd64-006) (gcc version 5.4.0 20160609 (Ubuntu 5.4.0-6ubuntu1~16.04.10) ) #165-Ubuntu SMP Wed Oct 24 10:58:50 UTC 2018 (Ubuntu 4.4.0-139.165-generic 4.4.160)
[    0.000000] Command line: BOOT_IMAGE=/boot/vmlinuz-4.4.0-139-generic root=UUID=596dd04d-2c69-42c5-8ed8-7a8e48ad11de ro console=tty1 console=ttyS0
[    0.000000] KERNEL supported cpus:
[    0.000000]   Intel GenuineIntel
[    0.000000]   AMD AuthenticAMD
[    0.000000]   Centaur CentaurHauls
[    0.000000] x86/fpu: xstate_offset[2]:  576, xstate_sizes[2]:  256
[    0.000000] x86/fpu: Supporting XSAVE feature 0x01: 'x87 floating point registers'
[    0.000000] x86/fpu: Supporting XSAVE feature 0x02: 'SSE registers'
[    0.000000] x86/fpu: Supporting XSAVE feature 0x04: 'AVX registers'
[    0.000000] x86/fpu: Enabled xstate features 0x7, context size is 832 bytes, using 'standard' format.
[    0.000000] e820: BIOS-provided physical RAM map:
[    0.000000] BIOS-e820: [mem 0x0000000000000000-0x000000000009fbff] usable
[    0.000000] BIOS-e820: [mem 0x000000000009fc00-0x000000000009ffff] reserved
[    0.000000] BIOS-e820: [mem 0x00000000000f0000-0x00000000000fffff] reserved
[    0.000000] BIOS-e820: [mem 0x0000000000100000-0x000000003ffeffff] usable
[    0.000000] BIOS-e820: [mem 0x000000003fff0000-0x000000003fffffff]] ACPI data
[    0.000000] BIOS-e820: [mem 0x00000000fec00000-0x00000000fec00fff] reserved
[    0.000000] BIOS-e820: [mem 0x00000000fee00000-0x00000000fee00fff] reserved
[    0.000000] BIOS-e820: [mem 0x00000000fffc0000-0x00000000ffffffff] reserved
[    0.000000] NX (Execute Disable) protection: active
[    0.000000] SMBIOS 2.5 present.
[    0.000000] Hypervisor detected: KVM
[    0.000000] e820: last_pfn = 0x3fff0 max_arch_pfn = 0x400000000
[    0.000000] MTRR: Disabled
[    0.000000] x86/PAT: MTRRs disabled, skipping PAT initialization too.
[    0.000000] CPU MTRRs all blank - virtualized system.
[    0.000000] x86/PAT: Configuration [0-7]: WB  WT  UC- UC  WB  WT  UC- UC  
[    0.000000] found SMP MP-table at [mem 0x0009fff0-0x0009ffff] mapped at [ffff88000009fff0]
[    0.000000] Scanning 1 areas for low memory corruption
[    0.000000] RAMDISK: [mem 0x361ec000-0x370edfff]
[    0.000000] ACPI: Early table checksum verification disabled
[    0.000000] ACPI: RSDP 0x00000000000E0000 000024 (v02 VBOX  )
[    0.000000] ACPI: XSDT 0x000000003FFF0030 00003C (v01 VBOX   VBOXXSDT 00000001 ASL  00000061)
[    0.000000] ACPI: FACP 0x000000003FFF00F0 0000F4 (v04 VBOX   VBOXFACP 00000001 ASL  00000061)
[    0.000000] ACPI: DSDT 0x000000003FFF0470 0021FF (v02 VBOX   VBOXBIOS 00000002 INTL 20100528)
[    0.000000] ACPI: FACS 0x000000003FFF0200 000040
[    0.000000] ACPI: FACS 0x000000003FFF0200 000040
[    0.000000] ACPI: APIC 0x000000003FFF0240 00005C (v02 VBOX   VBOXAPIC 00000001 ASL  00000061)
[    0.000000] ACPI: SSDT 0x000000003FFF02A0 0001CC (v01 VBOX   VBOXCPUT 00000002 INTL 20100528)
[    0.000000] No NUMA configuration found
[    0.000000] Faking a node at [mem 0x0000000000000000-0x000000003ffeffff]
[    0.000000] NODE_DATA(0) allocated [mem 0x3ffeb000-0x3ffeffff]
[    0.000000] kvm-clock: Using msrs4b564d01 and 4b564d00
[    0.000000] kvm-clock: cpu 0, msr 0:3ffe3001, primary cpu clock
[    0.00000] kvm-clock: using sched offset of 4202759629 cycles
[   0.000000] clocksource: kvm-clck: mask: 0xfffffffffffffff max_yces: 0x1cd2edffb, max_idle_ns: 881590591483 ns
[    0.000000] Zone ranges:
[    0.000000]   DMA      [mem 0x0000000000001000-0x00000000ffffff]
[    0.000000]  DMA32    mem 0x0000000001000000-0x000000003ffeffff]
[    0.000000]   Normal   empty
[    0.000000]   Device   empty
[    0.000000] Movable zone start for each node
[    0.000000] Early memory node ranges
[    0.000000]   node   0: [mem 0x0000000000001000-0x000000000009efff]
[    0.000000]   node   0: [mem 0x0000000000100000-0x000000003ffeffff]
[    0.000000] Initmem setup node 0 [mem 0x0000000000001000-0x000000003ffeffff]
[    0.000000] ACPI: PM-Timer IO Port: 0x4008
[    0.000000] IOAPIC[0]: apic_id 2, version 32, address 0xfec00000, GSI 0-23
[    0.000000] ACPI: INT_SRC_OVR (bus 0 bus_irq 0 global_irq 2 dfl dfl)
[    0.000000] ACPI: INT_SRC_OVR (bus 0 bus_irq 9 global_irq 9 low level)
[    0.000000] Using ACPI (MADT) for SMP configuration information
[    0.000000] smpboot: Allowing 2 CPUs, 0 hotplug CPUs
[    0.000000] PM Registered nosave memory: [mem 0x00000000-0x00000fff]
[    0.000000] PM: Registered nosave memory: [mem 0x0009f000-0x0009ffff]
[    0.000000] PM: Registered nosave memory: [mem 0x000a0000-0x000effff]
[    0.000000] PM: Registered nosave memory: [mem 0x000f0000-0x000fffff]
[    0.000000] e820: [mem 0x40000000-0xfebfffff] available for PCI devices
[    0.000000] Booting paravirtualized kernel on KVM
[    0.000000] clocksource: refined-jiffies: mask: 0xffffffff max_cycles: 0xffffffff, max_idle_ns: 7645519600211568 ns
[    0.000000] setup_percpu: NR_CPUS:512 nr_cpumask_bits:512 nr_cpu_ids:2 nr_node_ids:1
[    0.000000] PERCPU: Embedded 34 pages/cpu @ffff88003fc00000 s99608 r8192 d31464 u1048576
[    0.000000] PV qspinlock hash table entries: 256 (order: 0, 4096 bytes)
[    0.000000] Built 1 zonelists in Node order, mobility grouping on.  Total pages: 257912
[    0.000000] Policy zone: DMA32
[    0.000000] Kernel command line: BOTIMAGE=/boot/vmlinuz-4.4.0-139-generi root=UUID=596dd04d-2c69-42c5-8ed8-7a8e48ad11de ro console=tty1 console=ttyS0
[   0.000000] PID hash table entries: 4096 (order: 3, 32768 bytes)
[   .000000] Memory: 997136K/1048120K available (8564K kernel code, 1314K rwdata, 4004K rodata, 1528K init, 1316K bss, 50984K reserve, K cma-reserved)
[   0.000000] SLUB: HWalign=64, Order=0-3, MinObjects=0, CPUs=2, Nodes=1
[    0.000000] Kernel/User page tabes isolation: enabled
[    0.000000] Hierarchical RCU implementation.
[    0.000000] 	Build-time adjustment of leaf fanout to 64.
[    0.000000] 	RCU restricting CPUs from NR_CPUS=512 to nr_cpu_ids=2.
[    0.000000] RCU: Adjusting geetry for rcu_fanout_leaf=64, nr_cpu_ids=2
[    0.000000] NR_IRQS:3024 nr_irqs:440 16
[    0.000000] Console: colour VGA+ 80x25
[    0.000000] console [tty1] enabled
[    0.00000] console [ttyS0] enabled
[    0.000000] tsc: Detected 3192.620 MHz processor
[    1.1824] Calibrating delay loop (skipped) preset value.. 6385.24 BogoMIPS (lpj=12770480)
[    1.247420] pid_max: default: 32768 minimum: 301
[    1.254921] ACPI: Core revision 20150930
[    1.270100] ACPI: 2 ACPI AML tables successfully acquired and loaded
[    1.290285] Security Framework initialized
[    1.294214] Yama: becoming mindful.
[    1.301603] AppArmor: AppArmor initialized
[    1.303499] Dentry cache hash table entries: 131072 (order: 8, 1048576 bytes)
[    1.315276] Inode-cache hash table entries: 65536 (order: 7, 524288 bytes)
[    1.334166] Mount-cache hash table entries: 2048 (order: 2, 16384 bytes)
[    1.342655] Mountpoint-cache hash table entries: 2048 (order: 2, 16384 bytes)
[    1.347298] Initializing cgroup subsys io
[    1.358105] Initializing cgroup subsys memory
[    1.368806] Initializing cgroup subsys devices
[    1.372097] Initializing cgroup subsys freezer
[    1.380411] Initializing cgroup subsys net_cls
[    1.386203] Initializing cgroup subsys perf_event
[    1.391086] Initializing cgroup subsys net_prio
[    1.394374] Initializing cgroup subsys hugetlb
[    1.398515] Initializing cgroup subsys pids
[    1.400932] mce: CPU supports 0 MCE banks
[    1.402568] Last level iTLB entries: 4KB 1024, 2MB 1024, 4MB 1024
[    1.407087] Last level dTLB entries: 4KB 1024, 2MB 1024, 4MB 1024, 1GB 4
[    1.411294] Spectre V2 : Mitigation: Full generic retpoline
[    1.418480] Spectre V2 : Spectre v2 mitigation: Speculation control IBPB not-supported IBRS not-supported
[    1.431733] Spectre V2 : Spectre v2 / SpectreRSB mitigation: Filling RSB on context switch
[    1.467132] Speculative Store Bypass: Vulnerable
[    1.478309] Freeing SMP alternatives memory: 32K
[    1.491071] ftrace: allocating 32278 entries in 127 pages
[    1.584055] smpboot: APIC(0) Converting physical 0 to logical package 0
[    1.591048] smpboot: Max logical packages: 1
[    1.593292] x2apic enabled
[    1.598750] Switched APIC routing to physical x2apic.
[    1.603323] ..TIMER: vector=0x30 apic1=0 pin1=2 apic2=-1 pin2=-1
[    1.709512] smpboot: CPU0: Intel(R) Core(TM) i7-4790S CPU @ 3.20GHz (family: 0x6, model: 0x3c, stepping: 0x3)
[    1.731048] Performance Events: unsupported p6 CPU model 60 no PMU driver, software events only.
[    1.734430] KVM setup paravirtual spinlock
[    1.740007] x86: Booting SMP configuration:
[    1.741616] .... node  #0, CPUs:      #1
[    1.743103] kvm-clock: cpu 1, msr 0:3ffe3041, secondary cpu clock
[    1.749838] mce: CPU supports 0 MCE banks
[    1.758374] x86: Booted up 1 node, 2 CPUs
[    1.764449] smpboot: Total of 2 processors activated (12770.48 BogoMIPS)
[    1.774491] devtmpfs: initialized
[    1.787336] evm: security.selinux
[    1.788657] evm: security.SMACK64
[    1.790055] evm: security.SMACK64EXEC
[    1.791488] evm: security.SMACK64TRANSMUTE
[    1.793196] evm: security.SMACK64MMAP
[    1.794836] evm: security.ima
[    1.796051] evm: security.capability
[    1.797897] clocksource: jiffies: mask: 0xffffffff max_cycles: 0xffffffff, max_idle_ns: 7645041785100000 ns
[    1.802625] futex hash table entries: 512 (order: 3, 32768 bytes)
[    1.804913] pinctrl core: initialized pinctrl subsystem
[    1.813258] RTC time:  7:25:17, date: 12/10/18
[    1.822302] NET: Registered protocol family 16
[    1.832762] cpuidle: using governor ladder
[    1.848915] cpuidle: using governor menu
[    1.850489] PCCT header not found.
[    1.853297] ACPI: bus type PCI registered
[    1.857830] acpiphp: ACPI Hot Plug PCI Controller Driver version: 0.5
[    1.863168] PCI: Using configuration type 1 for base access
[    1.886000] ACPI: Added _OSI(Module Device)
[    1.897358] ACPI: Added _OSI(Processor Device)
[    1.898906] ACPI: Added _OSI(3.0 _SCP Extensions)
[    1.900472] ACPI: Added _OSI(Processor Aggregator Device)
[    1.915787] ACPI: Executed 1 blocks of module-level executable AML code
[    1.923454] ACPI: Interpreter enabled
[    1.926188] ACPI: (supports S0 S5)
[    1.927710] ACPI: Using IOAPIC for interrupt routing
[    1.931067] PCI: Using host bridge windows from ACPI; if necessary, use "pci=nocrs" and report a bug
[    1.944608] ACPI: PCI Root Bridge [PCI0] (domain 0000 [bus 00-ff])
[    1.953156] acpi PNP0A03:00: _OSC: OS supports [ASPM ClockPM Segments MSI]
[    1.962345] acpi PNP0A03:00: _OSC: not requesting OS control; OS requires [ExtendedConfig ASPM ClockPM MSI]
[    1.974847] acpi PNP0A03:00: fail to add MMCONFIG information, can't access extended PCI configuration space under this bridge.
[    1.983740] PCI host bridge to bus 0000:00
[    1.987510] pci_bus 0000:00: root bus resource [io  0x0000-0x0cf7 window]
[    2.001164] pci_bus 0000:00: root bus resource [io  0x0d00-0xffff window]
[    2.009001] pci_bus 0000:00: root bus resource [mem 0x000a0000-0x000bffff window]
[    2.011656] pci_bus 0000:00: root bus resource [mem 0x40000000-0xfdffffff window]
[    2.015631] pci_bus 0000:00: root bus resource [bus 00-ff]
[    2.020055] pci 0000:00:01.1: legacy IDE quirk: reg 0x10: [io  0x01f0-0x01f7]
[    2.022129] pci 0000:00:01.1: legacy IDE quirk: reg 0x14: [io  0x03f6]
[    2.029957] pci 0000:00:01.1: legacy IDE quirk: reg 0x18: [io  0x0170-0x0177]
[    2.043694] pci 0000:00:01.1: legacy IDE quirk: reg 0x1c: [io  0x0376]
[    2.090103] pci 0000:00:07.0: quirk: [io  0x4000-0x403f] claimed by PIIX4 ACPI
[    2.092804] pci 0000:00:07.0: quirk: [io  0x4100-0x410f] claimed by PIIX4 SMB
[    2.101759] ACPI: PCI Interrupt Link [LNKA] (IRQs 5 9 10 *11)
[    2.116166] ACPI: PCI Interrupt Link [LNKB] (IRQs 5 9 *10 11)
[    2.126832] ACPI: PCI Interrupt Link [LNKC] (IRQs 5 *9 10 11)
[    2.146906] ACPI: PCI Interrupt Link [LNKD] (IRQs 5 9 10 *11)
[    2.159828] ACPI: Enabled 2 GPEs in block 00 to 07
[    2.166951] vgaarb: setting as boot device: PCI:0000:00:02.0
[    2.172818] vgaarb: device added: PCI:0000:00:02.0,decodes=io+mem,owns=io+mem,locks=none
[    2.179673] vgaarb: loaded
[    2.180973] vgaarb: bridge control possible 0000:00:02.0
[    2.187439] SCSI subsystem initialized
[    2.189144] ACPI: bus type USB registered
[    2.196710] usbcore: registered new interface driver usbfs
[    2.207420] usbcore: registered new interface driver hub
[    2.224477] usbcore: registered new device driver usb
[    2.235897] PCI: Using ACPI for IRQ routing
[    2.239216] NetLabel: Initializing
[    2.241946] NetLabel:  domain hash size = 128
[    2.250155] NetLabel:  protocols = UNLABELED CIPSOv4
[    2.259348] NetLabel:  unlabeled traffic allowed by default
[    2.267144] amd_nb: Cannot enumerate AMD northbridges
[    2.268888] clocksource: Switched to clocksource kvm-clock
[    2.297410] AppArmor: AppArmor Filesystem Enabled
[    2.303825] pnp: PnP ACPI init
[    2.306705] pnp: PnP ACPI: found 3 devices
[   2.18951] clocksrce: acpi_pm: mask: 0xffffff max_cycles: 0xffffff, max_idle_ns: 085701024 ns
[   2.486333] NET: Registered protocol family 2

[    2.521729] TCP established hash table entries: 8192 (order: 4, 65536 bytes)
[    2.523904] TCP bind hash table entries: 8192 (order: 5, 131072 bytes)
[    2.526026] TCP: Hash tables configurd esablished 8192 bind 8192)
[    2.628486] UDP hash table entries: 512 (order: 2, 16384 bytes)
[    2.630593] UDP-Lite hash table entries: 512 (order: 2, 16384 bytes)
[    2.632873] NET: Registered procol family 1[    2.737330] pci 0000:00:00.0: Limiting direct PCI/PCI transfers
[    2.774912] pci 0000:00:01.0: Activating ISA DMA hang workarounds
[    2.777003] Unpacking initramfs...

[   .258846] Freeing initrd memory: 15368K
[    3.327758] RAPL PMU detected, API unit is 2^-32 Joules, 4 fixed counters 10737418240 ms ovfl timer
[    3.330807] hw unit of domain pp0-core 2^-0 Joules
[    3.332386] hw unit of domain package 2^-0 Joules

[    3.333981] hw unit of domain dram 2^-0 Joules
[    3.335535] hw unit of domain pp1-gpu 2^-0 Joules
[    3.339079] platform rtc_cmos: registered platform RTC device (no PNP device found)
[    3.344084] Scanning for low memory corruption every 60 seconds
[    3.346820] audit: initializing netlink subsys (disabled)
[    3.354639] audit: type=2000 audit(1544426723.120:1): initialized
[    3.357047] Initialise system trusted keyring
[    3.358793] HugeTLB registered 2 MB page size, pre-allocated 0 pages
[    3.371023] zbud: loaded
[    3.374158] VFS: Disk quotas dquot_6.6.0
[    3.376622] VFS: Dquot-cache hash table entries: 512 (order 0, 4096 bytes)
[    3.381312] squashfs: version 4.0 (2009/01/31) Phillip Lougher
[    3.386301] fuse init (API version 7.23)
[    3.388220] Key type big_key registered
[    3.389830] Allocating IMA MOK and blacklist keyrings.
[    3.393529] Key type asymmetric registered
[    3.395104] Asymmetric key parser 'x509' registered
[    3.396769] Block layer SCSI generic (bsg) driver version 0.4 loaded (major 249)
[    3.399562] io scheduler noop registered
[    3.401164] io scheduler deadline registered (default)
[    3.404161] io scheduler cfq registered
[    3.405826] pci_hotplug: PCI Hot Plug PCI Core version: 0.5
[    3.407773] pciehp: PCI Express Hot Plug Controller Driver version: 0.4
[    3.410166] ACPI: AC Adapter [AC] (on-line)
[    3.411736] input: Power Button as /devices/LNXSYSTM:00/LNXPWRBN:00/input/input0
[    3.414385] ACPI: Power Button [PWRF]
[    3.415933] input: Sleep Button as /devices/LNXSYSTM:00/LNXSLPBN:00/input/input1
[    3.418790] ACPI: Sleep Button [SLPF]
[    3.420478] GHES: HEST is not enabled!
[    3.422119] Serial: 8250/16550 driver, 32 ports, IRQ sharing enabled
[    3.449045] 00:02: ttyS0 at I/O 0x3f8 (irq = 4, base_baud = 115200) is a 16550A
[    3.465545] Linux agpgart interface v0.103
[    3.475057] loop: module loaded
[    3.480628] scsi host0: ata_piix
[    3.483397] scsi host1: ata_piix
[    3.486016] ata1: PATA max UDMA/33 cmd 0x1f0 ctl 0x3f6 bmdma 0xd000 irq 14
[    3.489931] ata2: PATA max UDMA/33 cmd 0x170 ctl 0x376 bmdma 0xd008 irq 15
[    3.494583] libphy: Fixed MDIO Bus: probed
[    3.496131] tun: Universal TUN/TAP device driver, 1.6
[    3.497828] tun: (C) 1999-2004 Max Krasnyansky <maxk@qualcomm.com>
[    3.499819] PPP generic driver version 2.4.2
[    3.501419] ehci_hcd: USB 2.0 'Enhanced' Host Controller (EHCI) Driver
[    3.503442] ehci-pci: EHCI PCI platform driver
[    3.504990] ehci-platform: EHCI generic platform driver
[    3.506737] ohci_hcd: USB 1.1 'Open' Host Controller (OHCI) Driver
[    3.511124] ohci-pci: OHCI PCI platform driver
[    3.512719] ohci-platform: OHCI generic platform driver
[    3.514464] uhci_hcd: USB Universal Host Controller Interface driver
[    3.516512] i8042: PNP: PS/2 Controller [PNP0303:PS2K,PNP0f03:PS2M] at 0x60,0x64 irq 1,12
[    3.520151] serio: i8042 KBD port at 0x60,0x64 irq 1
[    3.521841] serio: i8042 AUX port at 0x60,0x64 irq 12
[    3.523673] mousedev: PS/2 mouse device common for all mice
[    3.526201] input: AT Translated Set 2 keyboard as /devices/platform/i8042/serio0/input/input2
[    3.529723] rtc_cmos rtc_cmos: rtc core: registered rtc_cmos as rtc0
[    3.531820] rtc_cmos rtc_cmos: alarms up to one day, 114 bytes nvram
[    3.537913] i2c /dev entries driver
[    3.539820] device-mapper: uevent: version 1.0.3
[    3.549816] device-mapper: ioctl: 4.34.0-ioctl (2015-10-28) initialised: dm-devel@redhat.com
[    3.569867] ledtrig-cpu: registered to indicate activity on CPUs
[    3.577302] NET: Registered protocol family 10
[    3.579261] NET: Registered protocol family 17
[    3.582177] Key type dns_resolver registered
[    3.584292] registered taskstats version 1
[    3.592000] Loading compiled-in X.509 certificates
[    3.605434] Loaded X.509 cert 'Build time autogenerated kernel key: a88b0f663ecfd40e6a501dee2f0b211d51902e35'
[    3.619476] zswap: loaded using pool lzo/zbud
[    3.633655] Key type trusted registered
[    3.641919] Key type encrypted registered
[    3.649511] AppArmor: AppArmor sha1 policy hashing enabled
[    3.661048] ima: No TPM chip found, activating TPM-bypass!
[    3.669608] ima: Allocated hash algorithm: sha1
[    3.678584] evm: HMAC attrs: 0x1
[    3.685537]   Magic number: 14:901:419
[    3.687431] rtc_cmos rtc_cmos: setting system clock to 2018-12-10 07:25:18 UTC (1544426718)
[    3.703132] BIOS EDD facility v0.16 2004-Jun-25, 0 devices found
[    3.714556] EDD information not available.
[    3.725782] Freeing unused kernel memory: 1528K
[    3.748940] Write protecting the kernel read-only data: 14336k
[    3.760820] Freeing unused kernel memory: 1664K
[    3.762773] Freeing unused kernel memory: 92K
Loading, please wait...
starting version 229[    3.784155] random: systemd-udevd: uninitialized urandom read (16 bytes read, 3 bits of entropy available)

[    3.785105] random: udevadm: uninitialized urandom read (16 bytes read, 3 bits of entropy available)
[    3.785131] random: udevadm: uninitialized urandom read (16 bytes read, 3 bits of entropy available)
[    3.803614] random: udevadm: uninitialized urandom read (16 bytes read, 3 bits of entropy available)
[    3.803677] random: udevadm: uninitialized urandom read (16 bytes read, 3 bits of entropy available)
[    3.803943] random: udevadm: uninitialized urandom read (16 bytes read, 3 bits of entropy available)
[    3.804025] random: udevadm: uninitialized urandom read (16 bytes read, 3 bits of entropy available)
[    3.804107] random: udevadm: uninitialized urandom read (16 bytes read, 3 bits of entropy available)
[    3.804214] random: udevadm: uninitialized urandom read (16 bytes read, 3 bits of entropy available)
[    3.804305] random: udevadm: uninitialized urandom read (16 bytes read, 3 bits of entropy available)
[    3.935015] Fusion MPT base driver 3.04.20
[    3.940953] Copyright (c) 1999-2008 LSI Corporation
[    3.947200] e1000: Intel(R) PRO/1000 Network Driver - version 7.3.21-k8-NAPI
[    3.949431] e1000: Copyright (c) 1999-2006 Intel Corporation.
[    3.967254] Fusion MPT SPI Host driver 3.04.20
[    3.976376] AVX2 version of gcm_enc/dec engaged.
[    3.981017] AES CTR mode by8 optimization enabled
[    4.155218] input: ImExPS/2 Generic Explorer Mouse as /devices/platform/i8042/serio1/input/input4
[    4.337164] tsc: Refined TSC clocksource calibration: 3192.911 MHz
[    4.345021] clocksource: tsc: mask: 0xffffffffffffffff max_cycles: 0x2e06216bcd6, max_idle_ns: 440795236092 ns
[    4.437378] e1000 0000:00:03.0 eth0: (PCI:33MHz:32-bit) 02:46:93:03:7f:ca
[    4.448405] e1000 0000:00:03.0 eth0: Intel(R) PRO/1000 Network Connection
[    4.456541] e1000 0000:00:03.0 enp0s3: renamed from eth0
[    4.466580] mptbase: ioc0: Initiating bringup
[    4.563285] ioc0: LSI53C1030 A0: Capabilities={Initiator}
[    5.828370] scsi host2: ioc0: LSI53C1030 A0, FwRev=00000000h, Ports=1, MaxQ=256, IRQ=20
[    5.966251] scsi 2:0:0:0: Direct-Access     VBOX     HARDDISK         1.0  PQ: 0 ANSI: 5
[    5.978668] scsi target2:0:0: Beginning Domain Validation
[    5.997834] scsi target2:0:0: Domain Validation skipping write tests
[    6.008258] scsi target2:0:0: Ending Domain Validation
[    6.016296] scsi target2:0:0: asynchronous
[    6.054381] scsi 2:0:1:0: Direct-Access     VBOX     HARDDISK         1.0  PQ: 0 ANSI: 5
[    6.157906] scsi target2:0:1: Beginning Domain Validation
[    6.228776] scsi target2:0:1: Domain Validation skipping write tests
[    6.230727] scsi target2:0:1: Ending Domain Validation
[    6.232489] scsi target2:0:1: asynchronous
[    6.240725] sd 2:0:0:0: Attached scsi generic sg0 type 0
[    6.242656] sd 2:0:0:0: [sda] 20971520 512-byte logical blocks: (10.7 GB/10.0 GiB)
[    6.243010] sd 2:0:1:0: [sdb] 20480 512-byte logical blocks: (10.5 MB/10.0 MiB)
[    6.243246] sd 2:0:1:0: [sdb] Write Protect is off
[    6.243422] sd 2:0:1:0: [sdb] Incomplete mode parameter data
[    6.243425] sd 2:0:1:0: [sdb] Assuming drive cache: write through
[    6.243456] sd 2:0:1:0: Attached scsi generic sg1 type 0
[    6.252296] sd 2:0:1:0: [sdb] Attached SCSI disk
[    6.258844] sd 2:0:0:0: [sda] Write Protect is off
[    6.260663] sd 2:0:0:0: [sda] Incomplete mode parameter data
[    6.262601] sd 2:0:0:0: [sda] Assuming drive cache: write through
[    6.266343]  sda: sda1
[    6.268580] sd 2:0:0:0: [sda] Attached SCSI disk
Begin: Loading e[    8.110962] md: linear personality registered for level -1
ssential drivers ... [    8.119026] md: multipath personality registered for level -4
[    8.126158] md: raid0 personality registered for level 0
[    8.133971] md: raid1 personality registered for level 1
[    8.213168] raid6: sse2x1   gen()  2876 MB/s
[    8.284989] raid6: sse2x1   xor()  1936 MB/s
[    8.353375] raid6: sse2x2   gen()  4937 MB/s
[    8.425244] raid6: sse2x2   xor()  3411 MB/s
[    8.501102] raid6: sse2x4   gen()  7353 MB/s
[    8.572978] raid6: sse2x4   xor()  4505 MB/s
[    8.653327] raid6: avx2x1   gen()  5857 MB/s
[    8.725217] raid6: avx2x2   gen() 11217 MB/s
[    8.793059] raid6: avx2x4   gen() 14482 MB/s
[    8.798619] raid6: using algorithm avx2x4 gen() 14482 MB/s
[    8.805843] raid6: using avx2x2 recovery algorithm
[    8.813960] xor: automatically using best checksumming function:
[    8.856958]    avx       : 18170.000 MB/sec
[    8.859995] async_tx: api initialized (async)
[    8.878534] md: raid6 personality registered for level 6
[    8.886245] md: raid5 personality registered for level 5
[    8.890750] md: raid4 personality registered for level 4
[    8.910935] md: raid10 personality registered for level 10
done.
Begin: Running /scripts/init-premount ... done.
Begin: Mounting root file system ... Begin: Running /scripts/local-top ... done.
Begin: Running /scripts/local-premount ... [    8.968654] Btrfs loaded
Scanning for Btrfs filesystems
done.
Warning: fsck not present, so sk[    9.011012] EXT4-fs (sda1): mounted filesystem with ordered data mode. Opts: (null)
ipping root file system
done.
Begin: Running /scripts/local-bottom ... done.
Begin: Running /scripts/init-bottom ... done.
[    9.170701] systemd[1]: systemd 229 running in system mode. (+PAM +AUDIT +SELINUX +IMA +APPARMOR +SMACK +SYSVINIT +UTMP +LIBCRYPTSETUP +GCRYPT +GNUTLS +ACL +XZ -LZ4 +SECCOMP +BLKID +ELFUTILS +KMOD -IDN)
[    9.183557] systemd[1]: Detected virtualization oracle.
[    9.194558] systemd[1]: Detected architecture x86-64.

Welcome to [1mUbuntu 16.04.5 LTS[0m!

[   9.3889] systemd[1]: Set hostname to <myhost>.

[    9.512986] systemd[1]: Listening on Syslog Socket.
[[0;32m  OK  [0m] Listening on Syslog Socket.
[    9.516473] systemd[1]: Listening on udev Control Socket.
[[0;32m  OK  [0m] Listening on udev Control Socket.
[    9.800631] systemd[1]: Reached target User and Group Name Lookups.
[[0;32m  OK  [0m] Reached target User and Group Name Lookups.
[   .849734] systemd[1]: Listening on udev Kernel Socket.
[[0;32m  OK  [0m] Listening on udev Kernel Socket.
[    9.96728] ysem[1: rete sic Sstem Slice.
[[0;32m  OK  [0m] Created slice System Slice.
[  10.365149] systemd[1]: Createdslce ystem-serial\x2dgetty.slice.
[[0;32m  OK  [0m] Created slice system-serial\x2dgetty.slice.
[  1.5587]syted[1]: Listening on LVM2 metadata daeon socket.

[[0;32m  OK  [0m] Listening on LVM2 metadata daemon socket.
[   10.823729] systemd[1]: Started Trigger resolvconf update for networkd DNS.
[[0;32m  OK  [0m] Started Trigger resolvconf update for networkd DNS.
[   10.828009] systemd[1]: Set up automount Arbitrary Executable File Formats File System Automount Point.
[[0;32m  OK  [0m] Set up automount Arbitrary Executab...ats File System Automount Point.
[   10.833472] systemd[1]: Listening on /dev/initctl Compatibility Named Pipe.
[[0;32m  OK  [0m] Listening on /dev/initctl Compatibility Named Pipe.
[   10.837722] systemd[1]: Listening on Device-mapper event daemon FIFOs.
[[0;32m  OK  [0m] Listening on Device-mapper event daemon FIFOs.
[   10.841668] systemd[1]: Listening on Journal Socket.
[[0;32m  OK  [0m] Listening on Journal Socket.
[   10.861416] systemd[1]: Starting Monitoring of LVM2 mirrors, snapshots etc. using dmeventd or progress polling...
         Starting Monitoring of LVM2 mirrors... dmeventd or progress polling...
[   10.883463] systemd[1]: Mounting Debug File System...
         Mounting Debug File System...
[   10.890029] systemd[1]: Starting Set console keymap...
         Starting Set console keymap...
[   10.904076] systemd[1]: Starting Load Kernel Modules...
         Starting Load Kernel Modules...
[   10.914052] systemd[1]: Starting Uncomplicated firewall...
         Starting Uncomplicated firewall...
[   10.922218] systemd[1]: Starting Nameserver information manager...
         Starting Nameserver information [   10.925966] Loading iSCSI transport class v2.0-870.
manager...
[   10.941477] systemd[1]: Starting Create list of required static device nodes for the current kernel...
         Starting Create list of required st... nodes for the current kernel...
[   10.968091] systemd[1]: Listening on LVM2 poll daemon socket.
[[0;32m  OK  [0m] Listening on LVM2 poll daemon socket.
[   10.971886] systemd[1]: Reached target Swap.
[[0;32m  OK  [0m] Reached target Swap.
[   10.975293] iscsi: registered transport (tcp)
[   10.977340] systemd[1]: Starting Remount Root and Kernel File Systems...
         Starting Remount Root and Kernel File Systems...
[   10.983195] systemd[1]: Listening on Journal Audit Socket.
[   10.985071] EXT4-fs (sda1): re-mounted. Opts: (null)
[[0;32m  OK  [0m] Listening on Journal Audit Socket.
[   10.991406] systemd[1]: Mounting Huge Pages File System...
         Mounting Huge Pages File System...
[   11.009206] systemd[1]: Started Forward Password Requests to Wall Directory Watch.
[[0;32m  OK  [0m] Started Forward Password Requests to Wall Dir[   11.025591] iscsi: registered transport (iser)
ectory Watch.
[   11.028028] systemd[1]: Created slice User and Session Slice.
[[0;32m  OK  [0m] Created slice User and Session Slice.
[   11.031924] systemd[1]: Reached target Slices.
[[0;32m  OK  [0m] Reached target Slices.
[   11.049017] systemd[1]: Mounting POSIX Message Queue File System...
         Mounting POSIX Message Queue File System...
[   11.054993] systemd[1]: Reached target System Time Synchronized.
[[0;32m  OK  [0m] Reached target System Time Synchronized.
[   11.058908] systemd[1]: Listening on Journal Socket (/dev/log).
[[0;32m  OK  [0m] Listening on Journal Socket (/dev/log).
[   11.063674] systemd[1]: Starting Journal Service...
         Starting Journal Service...
[   11.070178] systemd[1]: Reached target Encrypted Volumes.
[[0;32m  OK  [0m] Reached target Encrypted Volumes.
[   11.090541] systemd[1]: Mounted Debug File System.
[[0;32m  OK  [0m] Mounted Debug File System.
[   11.113384] systemd[1]: Mounted Huge Pages File System.
[[0;32m  OK  [0m] Mounted Huge Pages File System.
[   11.154988] systemd[1]: Mountd OSX esage Queue File System.
[[0;32m  OK  [0m] Mounted POSIX Message Queue File System.
[   11.367544] systemd[1]: Started Journal Service.
[[0;32m  OK  [0m] Started Journal Service.
[[0;32m  OK  [0m] Started Set console keymap.
[[0;32m  OK  [0m] Started Load Kernel Modules.
[[0;32m  OK  [0m] Started Uncomplicated firewall.
[[0;32m  OK  [0m] Started Create list of required sta...ce nodes for the current kernel.
[[0;32m  OK  [0m] Started Remount Root and Kernel File Systems.
[[0;32m  OK  [0m] Started Nameserver information manager.
[[0;32m  OK  [0m] Started LVM2 metadata daemon.
         [   11.734395] random: nonblocking pool is initialized
Starting Load/Save Random Seed...
         Starting udev Coldplug all Devices...
         Starting Create Static Device Nodes in /dev...
         Starting Apply Kernel Variables...
         Mounting FUSE Control File System...
         Starting Flush Journal to Persistent Storage...
[[0;32m  OK  [0m] Mounted FUSE Control File System.
[[0;32m  OK  [0m] Started Load/Save Random Seed.
[[0;32m  OK  [0m] Started Create Static Device Nodes in /dev.
[[0;32m  OK  [0m] Started Apply Kernel Variables.
[[0;32m  OK  [0m] Started udev Coldplug all Devices.
[[0;32m  OK  [0m] Started Flush Journal to Persistent Storage.
         Starting udev Kernel Device Manager...
[[0;32m  OK  [0m] Started udev Kernel Device Manager.
[[0;32m  OK  [0m] Started Dispatch Password Requests to Console Directory Watch.
[[0;32m  OK  [0m] Started Monitoring of LVM2 mirrors,...ng dmeventd or progress polling.
[[0;32m  OK  [0m] Reached target Local File Systems (Pre).
[[0;32m  OK  [0m] Reached target Local File Systems.
         Starting Set console font and keymap...
         Starting Tell Plymouth To Write Out Runtime Data...
         Starting Initial cloud-init job (pre-networking)...
         Starting LSB: AppArmor initialization...
         Starting Create Volatile Files and Directories...
[[0;32m  OK  [0m] Started Tell Plymouth To Write Out Runtime Data.
[[0;32m  OK  [0m] Started Create Volatile Files and Directories.
         Starting Update UTMP about System Boot/Shutdown...
[[0;32m  OK  [0m] Started LSB: AppArmor initialization.
[[0;32m  OK  [0m] Started Update UTMP about System Boot/Shutdown.
[[0;32m  OK  [0m] Found device /dev/ttyS0.
[[0;32m  OK  [0m] Listening on Load/Save RF Kill Switch Status /dev/rfkill Watch.
[   11.949666] cloud-init[498]: Cloud-init v. 18.4-0ubuntu1~16.04.2 running 'init-local' at Mon, 10 Dec 2018 07:25:28 +0000. Up 11.47 seconds.
[[0;32m  OK  [0m] Started Initial cloud-init job (pre-networking).
[[0;32m  OK  [0m] Reached target Network (Pre).
[[0;32m  OK  [0m] Started ifup for enp0s3.
         Starting Raise network interfaces...
[[0;32m  OK  [0m] Started Set console font and keymap.
[[0;32m  OK  [0m] Created slice system-getty.slice.
[[0;32m  OK  [0m] Started Raise network interfaces.
[[0;32m  OK  [0m] Reached target Network.
         Starting Initial cloud-init job (metadata service crawler)...
[   13.875241] cloud-init[964]: Cloud-init v. 18.4-0ubuntu1~16.04.2 running 'init' at Mon, 10 Dec 2018 07:25:29 +0000. Up 13.42 seconds.
[   13.905069] cloud-init[964]: ci-info: ++++++++++++++++++++++++++++++++++++++Net device info++++++++++++++++++++++++++++++++++++++
[   13.936718] cloud-init[964]: ci-info: +--------+------+----------------------------+---------------+--------+-------------------+
[   13.937161] cloud-init[964]: ci-info: | Device |  Up  |          Address           |      Mask     | Scope  |     Hw-Address    |
[   13.937399] cloud-init[964]: ci-info: +--------+------+----------------------------+---------------+--------+-------------------+
[   13.937595] cloud-init[964]: ci-info: | enp0s3 | True |         10.0.2.15          | 255.255.255.0 | global | 02:46:93:03:7f:ca |
[   13.937837] cloud-init[964]: ci-info: | enp0s3 | True | fe80::46:93ff:fe03:7fca/64 |       .       |  link  | 02:46:93:03:7f:ca |
[   13.938004] cloud-init[964]: ci-info: |   lo   | True |         127.0.0.1          |   255.0.0.0   |  host  |         .         |
[   13.938183] cloud-init[964]: ci-info: |   lo   | True |          ::1/128           |       .       |  host  |         .         |
[   13.938403] cloud-init[964]: ci-info: +--------+------+----------------------------+---------------+--------+-------------------+
[   13.938569] cloud-init[964]: ci-info: +++++++++++++++++++++++++++Route IPv4 info++++++++++++++++++++++++++++
[   13.938749] cloud-init[964]: ci-info: +-------+-------------+----------+---------------+-----------+-------+
[   13.938961] cloud-init[964]: ci-info: | Route | Destination | Gateway  |    Genmask    | Interface | Flags |
[   13.939139] cloud-init[964]: ci-info: +-------+-------------+----------+---------------+-----------+-------+
[   13.939360] cloud-init[964]: ci-info: |   0   |   0.0.0.0   | 10.0.2.2 |    0.0.0.0    |   enp0s3  |   UG  |
[   13.939534] cloud-init[964]: ci-info: |   1   |   10.0.2.0  | 0.0.0.0  | 255.255.255.0 |   enp0s3  |   U   |
[   13.939713] cloud-init[964]: ci-info: +-------+-------------+----------+---------------+-----------+-------+
[   13.939932] cloud-init[964]: ci-info: +++++++++++++++++++Route IPv6 info+++++++++++++++++++
[   13.940140] cloud-init[964]: ci-info: +-------+-------------+---------+-----------+-------+
[   13.940507] cloud-init[964]: ci-info: | Route | Destination | Gateway | Interface | Flags |
[   13.940680] cloud-init[964]: ci-info: +-------+-------------+---------+-----------+-------+
[   13.940903] cloud-init[964]: ci-info: |   0   |  fe80::/64  |    ::   |   enp0s3  |   U   |
[   13.941081] cloud-init[964]: ci-info: |   3   |   ff00::/8  |    ::   |   enp0s3  |   U   |
[   13.941299] cloud-init[964]: ci-info: +-------+-------------+---------+-----------+-------+
[[0;32m  OK  [0m] Started Initial cloud-init job (metadata service crawler).
[[0;32m  OK  [0m] Reached target System Initialization.
[[0;32m  OK  [0m] Listening on D-Bus System Message Bus Socket.
[[0;32m  OK  [0m] Listening on UUID daemon activation socket.
[[0;32m  OK  [0m] Started ACPI Events Check.
[[0;32m  OK  [0m] Reached target Paths.
[[0;32m  OK  [0m] Started Daily Cleanup of Temporary Directories.
         Starting LXD - unix socket.
[[0;32m  OK  [0m] Listening on ACPID Listen Socket.
         Starting Socket activation for snappy daemon.
[[0;32m  OK  [0m] Started Daily apt download activities.
[[0;32m  OK  [0m] Started Daily apt upgrade and clean activities.
[[0;32m  OK  [0m] Started Clean PHP session files every 30 mins.
[[0;32m  OK  [0m] Reached target Timers.
[[0;32m  OK  [0m] Reached target Cloud-config availability.
[[0;32m  OK  [0m] Reached target Network is Online.
         Starting iSCSI initiator daemon (iscsid)...
[[0;32m  OK  [0m] Listening on LXD - unix socket.
[[0;32m  OK  [0m] Listening on Socket activation for snappy daemon.
[[0;32m  OK  [0m] Started iSCSI initiator daemon (iscsid).
         Starting Login to default iSCSI targets...
[[0;32m  OK  [0m] Reached target Sockets.
[[0;32m  OK  [0m] Reached target Basic System.
         Starting Clean php session files...
[[0;32m  OK  [0m] Started FUSE filesystem for LXC.
         Starting Virtualbox guest utils...
[[0;32m  OK  [0m] Started Deferred execution scheduler.
         Starting Snappy daemon...
         Starting System Logging Service...
         Starting Accounts Service...
         Starting LSB: MD monitoring daemon...
[[0;32m  OK  [0m] Started Unattended Upgrades Shutdown.
[[0;32m  OK  [0m] Started ACPI event daemon.
         Starting Login Service...
[[0;32m  OK  [0m] Started D-Bus System Message Bus.
         Starting OpenBSD Secure Shell server...
[[0;32m  OK  [0m] Started Regular background program processing daemon.
         Starting LSB: Record successful boot for GRUB...
         Starting /etc/rc.local Compatibility...
         Starting LXD - container startup/shutdown...
[[0;32m  OK  [0m] Started System Logging Service.
[[0;32m  OK  [0m] Started /etc/rc.local Compatibility.
[[0;32m  OK  [0m] Started OpenBSD Secure Shell server.
[[0;32m  OK  [0m] Started Login to default iSCSI targets.
[[0;32m  OK  [0m] Started LSB: MD monitoring daemon.
[[0;32m  OK  [0m] Started LSB: Record successful boot for GRUB.
[[0;32m  OK  [0m] Started Login Service.
[[0;32m  OK  [0m] Started Snappy daemon.
         Starting Wait until snapd is fully seeded...
         Starting Authenticate and Authorize Users to Run Privileged Tasks...
[[0;32m  OK  [0m] Reached target Remote File Systems (Pre).
[[0;32m  OK  [0m] Reached target Remote File Systems.
         Starting Permit User Sessions...
         Starting LSB: daemon to balance interrupts for SMP systems...
         Starting LSB: automatic crash report generation...
         Starting The Apache HTTP Server...
         Starting LSB: Set the CPU Frequency Scaling governor to "ondemand"...
[[0;32m  OK  [0m] Started LXD - container startup/shutdown.
[[0;32m  OK  [0m] Started Virtualbox guest utils.
[[0;32m  OK  [0m] Started Permit User Sessions.
[[0;32m  OK  [0m] Started Wait until snapd is fully seeded.
[[0;32m  OK  [0m] Started Authenticate and Authorize Users to Run Privileged Tasks.
[[0;32m  OK  [0m] Started Accounts Service.
         Starting Apply the settings specified in cloud-config...
         Starting Terminate Plymouth Boot Screen...
         Starting Hold until boot process finishes up...
[[0;32m  OK  [0m] Started LSB: automatic crash report generation.
[[0;32m  OK  [0m] Started LSB: Set the CPU Frequency Scaling governor to "ondemand".
[[0;32m  OK  [0m] Started Hold until boot process finishes up.
[[0;32m  OK  [0m] Started LSB: daemon to balance interrupts for SMP systems.
[[0;32m  OK  [0m] Started Terminate Plymouth Boot Screen.
[[0;32m  OK  [0m] Started Getty on tty1.
         Starting Set console scheme...
[[0;32m  OK  [0m] Started Serial Getty on ttyS0.
[[0;32m  OK  [0m] Reached target Login Prompts.
[[0;32m  OK  [0m] Started Set console scheme.
[[0;32m  OK  [0m] Started The Apache HTTP Server.
[[0;32m  OK  [0m] Reached target Multi-User System.
[[0;32m  OK  [0m] Reached target Graphical Interface.
         Starting Update UTMP about System Runlevel Changes...
[[0;32m  OK  [0m] Started Update UTMP about System Runlevel Changes.
[[0;32m  OK  [0m] Started Clean php session files.
[   16.364841] cloud-init[1205]: Cloud-init v. 18.4-0ubuntu1~16.04.2 running 'modules:config' at Mon, 10 Dec 2018 07:25:32 +0000. Up 16.14 seconds.
[[0;32m  OK  [0m] Started Apply the settings specified in cloud-config.
         Starting Execute cloud user/final scripts...
[   17.243555] cloud-init[1285]: Cloud-init v. 18.4-0ubuntu1~16.04.2 running 'modules:final' at Mon, 10 Dec 2018 07:25:33 +0000. Up 17.03 seconds.
[   17.247558] cloud-init[1285]: Cloud-init v. 18.4-0ubuntu1~16.04.2 finished at Mon, 10 Dec 2018 07:25:33 +0000. Datasource DataSourceNoCloud [seed=/dev/sdb][dsmode=net].  Up 17.23 seconds
[[0;32m  OK  [0m] Started Execute cloud user/final scripts.
[[0;32m  OK  [0m] Reached target Cloud-init target.
         Starting Daily apt download activities...
[[0;32m  OK  [0m] Created slice User Slice of vagrant.
         Starting User Manager for UID 1000...
[[0;32m  OK  [0m] Started Session 1 of user vagrant.
[[0;32m  OK  [0m] Started User Manager for UID 1000.

Ubuntu 16.04.5 LTS myhost ttyS0

myhost login: 